affright
afraid
alarm
alarm
alarmed
alert
anxious
anxiously
appal
appall
apprehension
apprehensive
apprehensively
apprehensiveness
atrocious
awful
awfully
bashfully
boding
browbeaten
bullied
chill
chill
chilling
cliff-hanging
coldheartedness
consternation
cowed
cower
crawl
creep
creeps
cringe
cruel
cruelly
cruelty
dash
daunt
diffidence
diffident
diffidently
dire
direful
dismay
dismay
dread
dread
dread
dreaded
dreadful
dreadfully
fawn
fear
fear
fearful
fearfully
fearfulness
fearsome
foreboding
fright
fright
frighten
frighten_away
frighten_off
frightened
frightening
frighteningly
frightful
grovel
hangdog
hardhearted
hardheartedness
heartless
heartlessly
heartlessness
hesitance
hesitancy
hesitantly
hesitatingly
hideous
hideously
horrendous
horrible
horribly
horrid
horridly
horrific
horrified
horrify
horrifying
horrifyingly
horror
horror-stricken
horror-struck
hysteria
hysterical
hysterically
intimidate
intimidated
intimidation
mercilessness
monstrously
outrageous
pall
pall
panic
panic
panic stricken
panic struck
panic attack
panicked
panicky
pitilessness
premonition
presage
presentiment
ruthlessness
scare
scare
scare away
scare off
scared
scarey
scarily
scary
self-distrust
self-doubt
shivery
shuddery
shy
shyly
shyness
stage_fright
suspense
suspenseful
suspensive
terrible
terrified
terror
timid
timidity
timidly
timidness
timorous
timorously
timorousness
trepid
trepidation
trepidly
ugly
unassertive
unassertively
unassertiveness
uneasily
unkind
unsure
worry
worrying
threatening
vicious
forced
force
alert
terrifying
