reckless	category=adjective	score=-0.5
irresponsible	category=adjective	score=-0.5
abyss	category=noun	score=-0.5
illegal	category=adjective	score=-0.5
roiling	category=adjective	score=-0.5
incompetent	category=adjective	score=-0.5
incompetence	category=noun	score=-0.5
dirty	category=adjective	score=-0.5
inconvenient	category=adjective	score=-0.5
difficult	category=adjective	score=-0.5
tricky	category=adjective	score=-0.5
crashing	category=adjective	score=-0.5
disgraceful	category=adjective	score=-0.5
lie	category=noun	score=-0.5
involuntary	category=adjective	score=-0.5
atrocious	category=adjective	score=-0.5
awful	category=adjective	score=-0.5
crummy	category=adjective	score=-0.5
dreadful	category=adjective	score=-0.5
lousy	category=adjective	score=-0.5
poor	category=adjective	score=-0.5
rough	category=adjective	score=-0.5
sad	category=adjective	score=-0.5
unacceptable	category=adjective	score=-0.5
bummer	category=adjective	score=-0.5
downer	category=adjective	score=-0.5
garbage	category=adjective	score=-0.5
gross	category=adjective	score=-0.5
imperfect	category=adjective	score=-0.5
inferior	category=adjective	score=-0.5
abominable	category=adjective	score=-0.5
amiss	category=adjective	score=-0.5
bad news	category=adjective	score=-0.5
beastly	category=adjective	score=-0.5
careless	category=adjective	score=-0.5
crappy	category=adjective	score=-0.5
cruddy	category=adjective	score=-0.5
defective	category=adjective	score=-0.5
deficient	category=adjective	score=-0.5
dissatisfactory	category=adjective	score=-0.5
erroneous	category=adjective	score=-0.5
fallacious	category=adjective	score=-0.5
faulty	category=adjective	score=-0.5
godawful	category=adjective	score=-0.5
grungy	category=adjective	score=-0.5
icky	category=adjective	score=-0.5
inadequate	category=adjective	score=-0.5
incorrect	category=adjective	score=-0.5
slipshod	category=adjective	score=-0.5
stinking	category=adjective	score=-0.5
substandard	category=adjective	score=-0.5
unsatisfactory	category=adjective	score=-0.5

