Weltschmerz
aggrieve
attrition
bad
bereaved
bereft
bored
brokenheartedness
cast down
cheerless
cheerlessly
cheerlessness
compunction
contrite
contritely
contriteness
contrition
deject
dejected
demoralising
demoralization
demoralize
demoralized
demoralizing
deplorable
deplorably
depress
depressed
depressing
depression
depressive
desolate
desolation
despair
despairing
despairingly
despondence
despondency
despondent
despondently
dingy
disconsolate
disconsolateness
discouraged
disheartened
disheartening
dismal
dismay
dispirit
dispirited
dispiritedness
dispiriting
distressed
doldrums
doleful
dolefully
dolefulness
dolor
dolorous
dolour
dolourous
downcast
downhearted
downheartedness
downtrodden
drab
drear
dreary
dysphoria
dysphoric
execrable
forlorn
forlornly
forlornness
gloom
gloomful
gloomily
gloominess
glooming
gloomy
glum
godforsaken
grief
grief-stricken
grieve
grieving
grievous
grievously
grim
guilt
guilt feelings
guilt trip
guilty
guilty conscience
hangdog
hapless
harass
heartache
heartbreak
heartbreaking
heartbroken
heartrending
heartsick
heartsickness
heavyhearted
heavyheartedness
helplessness
hurting
joyless
joylessly
joylessness
lachrymose
laden
lamentably
languishing
loneliness
long-faced
lorn
low-spirited
low-spiritedness
lugubrious
melancholic
melancholy
melancholy
miserable
miserably
misery
misfortunate
morbid
morose
mournful
mournfully
mournfulness
mourning
oppress
oppressed
oppression
oppressive
oppressively
oppressiveness
pathetic
penance
penitence
penitent
penitentially
penitently
pensive
persecute
persecuted
pessimistic
piteous
pitiable
pitiful
pitying
plaintive
plaintively
plaintiveness
poor
regret
regret
regretful
remorse
remorseful
remorsefully
repent
repentance
repentant
repentantly
rue
rueful
ruefully
ruefulness
ruthfulness
sad
sadden
saddening
sadly
sadness
self-pity
self-reproach
shamed
shamefaced
somber
somberness
sombre
sorrow
sorrowful
sorrowfully
sorrowfulness
sorrowing
suffering
tearful
tearfulness
troubled
tyrannical
tyrannous
uncheerful
uncheerfulness
unhappiness
unhappy
weepiness
weeping
wistful
woe
woebegone
woeful
woefully
woefulness
world-weariness
world-weary
wretched
:-(
>:[
:-(
:(
:-c
:c
:-<
:<
:-[
:[
:{
>.>
<.<
>.<
failed
heartbroken
_._
loss
lost
