admirable
admirably
admiration
admire
adoration
adoring
affection
affectional
affectionate
affectionateness
affective
amative
amatory
amicability
amicable
amicableness
amicably
amorous
amorousness
appreciated
approbative
approbatory
approval
approve
approved
approving
avid
avidity
avidness
banter
be on cloud nine
beaming
becharm
belonging
benefic
beneficed
beneficence
beneficent
beneficially
benevolence
benevolent
benevolently
bewitch
bewitching
blessed
blest
blissful
blithe
blithely
blitheness
bonheur
brotherhood
brotherlike
brotherly
calf love
captivate
captivated
captivating
captivation
capture
carefree
carefreeness
caring
caring
charitable
charm
charmed
cheer
cheer up
cheerful
cheerfully
cheerfulness
cheering
cheery
chipper
chirk up
chirpy
cliff-hanging
comfort
comfortable
comfortableness
comfortably
comforting
commendable
compatibility
compatible
compatibly
complacence
complacency
complacent
congratulate
console
content
content
contented
contentment
convivial
delighted
devoted
devotedness
devotion
eager
eagerly
eagerness
ebullient
ebulliently
ecstatic
elan
elate
elated
elating
elation
embolden
emotive
empathetic
empathetically
empathic
empathy
enamor
enamoredness
enamour
enchant
enchanting
enchantment
endearingly
enjoy
enthralled
enthralling
enthrallment
enthusiasm
enthusiastic
enthusiastically
entrance
entranced
entrancing
esteem
euphoria
euphoriant
euphoric
exalt
excellent
excitement
exciting
exhilarate
exhilarated
exhilarating
exhilaration
exhort
expansively
expectancy
exuberance
exuberant
exuberantly
exult
exultant
exultantly
exultation
exulting
exultingly
fancy
fascinate
fascinating
fascination
favor
favor
favorable
favorably
favour
favour
favourable
favourably
festal
festive
fond
fondly
fondness
fraternal
friendliness
friendly
fulfil
fulfill
fulfillment
fulfilment
gaiety
glad
gladden
gladdened
gladfulness
gladness
gladsome
gladsomeness
glee
gleeful
gleefully
gleefulness
gloat
gloating
gloatingly
good
good will
goodwill
gratified
gratify
gratifying
gratifyingly
great
gusto
happily
happiness
happy
heart
hearten
high-spirited
hilarious
hilariously
hilarity
identification
impress
infatuation
insouciance
inspire
interest
intimacy
intoxicate
jocularity
jocund
jocundity
jollity
jolly
jolly
jolly along
jolly up
jovial
joviality
joy
joy
joyful
joyfully
joyfulness
joyous
joyously
joyousness
jubilance
jubilancy
jubilant
jubilantly
jubilate
jubilation
jump for joy
keenness
kick
kindhearted
kindheartedness
kindly
laudably
laughing
lift up
lightheartedness
lightsomeness
likable
like
likeable
liking
lively
live up to
look up to
love
love
lovesome
loving
lovingly
lovingness
loyalty
merrily
merriment
merry
mirth
mirthful
mirthfully
mirthfulness
offering protection
overjoyed
peaceful
penchant
pep up
perkiness
perky
pick up
playful
pleasant
pleased
pleasing
pleasure
praiseworthily
predilection
preference
pride
pride
prideful
protective
protectively
protectiveness
proudly
puppy love
rapport
rejoice
rejoicing
rejoicing
relish
respect
revel
riotously
romantic
satiable
satisfaction
satisfactorily
satisfactory
satisfiable
satisfied
satisfy
satisfying
satisfyingly
schadenfreude
screaming
self-complacency
self-satisfaction
self-satisfied
smug
smugness
soft spot
softhearted
softheartedness
solace
soothe
sparkling
stimulating
sunny
suspense
suspenseful
suspensive
sympathetic
sympathetically
sympathy
teased
tender
tenderness
thirstily
thrill
thrill
thrilled
tickle
titillate
titillated
titillating
titillation
togetherness
trance
triumph
triumph
triumphal
triumphant
triumphantly
unworried
upbeat
uplift
uproarious
uproariously
urge
urge on
walk on air
wallow
warm
warmhearted
warmheartedness
warmth
weakness
with empathy
with happiness
with pride
with sympathy
worship
worshipful
zeal
zealous
zest
zestfulness
awesome
:-)
>:]
:)
:o)
:]
:c)
:>
=]
=)
:}
:^)
>:D
:-D
:D
=-D
=D
8-)
:-))
proud
vibrant
amazing
inspiring
fabulous
celebrate
inspiration
kudos
celebration
celebrated
care
endorse
hero
superb
welcome
