abhorrent	category=adjective	score=-0.5
abominably	category=adverb	score=-0.5
churn up	category=verb	score=-0.5
detestable	category=adjective	score=-0.5
detestably	category=adverb	score=-0.5
disgust	category=noun	score=-0.5
disgust	category=verb	score=-0.5
disgusted	category=adjective	score=-0.5
disgustedly	category=adverb	score=-0.5
disgustful	category=adjective	score=-0.5
disgusting	category=adjective	score=-0.5
disgustingly	category=adverb	score=-0.5
distasteful	category=adjective	score=-0.5
distastefully	category=adverb	score=-0.5
fed up	category=adjective	score=-0.5
foul	category=adjective	score=-0.5
hideous	category=adjective	score=-0.5
horror	category=noun	score=-0.5
loathly	category=adjective	score=-0.5
loathsome	category=adjective	score=-0.5
nausea	category=noun	score=-0.5
nauseate	category=verb	score=-0.5
nauseated	category=adjective	score=-0.5
nauseating	category=adjective	score=-0.5
nauseous	category=adjective	score=-0.5
noisome	category=adjective	score=-0.5
obscene	category=adjective	score=-0.5
odiously	category=adverb	score=-0.5
offensive	category=adjective	score=-0.5
queasy	category=adjective	score=-0.5
repel	category=verb	score=-0.5
repellant	category=adjective	score=-0.5
repellent	category=adjective	score=-0.5
repugnance	category=noun	score=-0.5
repugnant	category=adjective	score=-0.5
repulse	category=verb	score=-0.5
repulsion	category=noun	score=-0.5
repulsive	category=adjective	score=-0.5
repulsively	category=adverb	score=-0.5
revolt	category=verb	score=-0.5
revolting	category=adjective	score=-0.5
revoltingly	category=adverb	score=-0.5
revulsion	category=noun	score=-0.5
sick	category=adjective	score=-0.5
sick_of	category=adjective	score=-0.5
sicken	category=verb	score=-0.5
sickening	category=adjective	score=-0.5
sickeningly	category=adverb	score=-0.5
sickish	category=adjective	score=-0.5
tired of	category=adjective	score=-0.5
turn_off	category=verb	score=-0.5
vile	category=adjective	score=-0.5
wicked	category=adjective	score=-0.5
yucky	category=adjective	score=-0.5
D:<	category=smiley	score=-0.5
D:	category=smiley	score=-0.5
D;	category=smiley	score=-0.5
D=	category=smiley	score=-0.5
v.v	category=smiley	score=-0.5
D-':	category=smiley	score=-0.5
ugly	category=verb	score=-0.5
useless	category=adjective	score=-0.5
poop	category=noun	score=-0.5
horrible	category=adjective	score=-0.5
horrid	category=adjective	score=-0.5
nasty	category=adjective	score=-0.5
manure	category=noun	score=-0.5
>_<	category=smiley	score=-0.5
slug	category=noun	score=-0.5
racist	category=adjective	score=-0.5
sexist	category=adjective	score=-0.5
racism	category=noun	score=-0.5
sexism	category=noun	score=-0.5
homophobia	category=noun	score=-0.5
