valuable	category=adjective	score=0.5
clean	category=adjective	score=0.5
beautiful	category=adjective	score=0.5
reliable	category=adjective	score=0.5
robust	category=adjective	score=0.5
nice	category=adjective	score=0.5
easy	category=adjective	score=0.5
flawless	category=adjective	score=0.5
informative	category=adjective	score=0.5
perfect	category=adjective	score=0.5
special	category=adjective	score=0.5
supporting	category=adjective	score=0.5
support	category=verb	score=0.5
win	category=verb	score=0.5
acceptable	category=adjective	score=0.5
excellent	category=adjective	score=0.5
exceptional	category=adjective	score=0.5
favorable	category=adjective	score=0.5
favourable	category=adjective	score=0.5
marvellous	category=adjective	score=0.5
great	category=adjective	score=0.5
positive	category=adjective	score=0.5
satisfactory	category=adjective	score=0.5
satisfying	category=adjective	score=0.5
superb	category=adjective	score=0.5
valuable	category=adjective	score=0.5
wonderful	category=adjective	score=0.5
ace	category=adjective	score=0.5
pleasing	category=adjective	score=0.5
rad	category=adjective	score=0.5
super	category=adjective	score=0.5
superior	category=adjective	score=0.5
welcome	category=adjective	score=0.5
worthy	category=adjective	score=0.5
admirable	category=adjective	score=0.5
agreeable	category=adjective	score=0.5
commendable	category=adjective	score=0.5
congenial	category=adjective	score=0.5
deluxe	category=adjective	score=0.5
first-class	category=adjective	score=0.5
first-rate	category=adjective	score=0.5
gnarly	category=adjective	score=0.5
gratifying	category=adjective	score=0.5
honorable	category=adjective	score=0.5
honourable	category=adjective	score=0.5
neat	category=adjective	score=0.5
precious	category=adjective	score=0.5
reputable	category=adjective	score=0.5
shipshape	category=adjective	score=0.5
splendid	category=adjective	score=0.5
stupendous	category=adjective	score=0.5
tiptop	category=adjective	score=0.5
tip-top	category=adjective	score=0.5