leading
commit
led
urge
paragon
appreciate
victor
endorses
endorsing
cares
urging
amour
endorsed
authorities
appreciated
deserved
safeguard
harbour
concur
grasp
demonstrating
committed
awarded
committing
right
maximum
correct
evidence
forced
advocate
secure
wish
wise
paying
wishes
image
dedicated
champions
pay
merit
leads
forces
authority
commits
demonstrate
praises
secured
refuge
expands
grand
cheer
endorse
paid
pledge
hug
fresh
pays
pledged
whole
weather
pledges
stills
images
still
drink
urged
force
champion
urges
taming
care
moderated
guard
protector
top
advocated
assure
yield
man
guardian
famous
precious
yielding
advocates
great
extremes
lead
kudos
harbor
second
celebrated
pledging
drinking
expand
compass
sustain
drinks
award
men
exhorted
compliment
affairs
encompassing
deserve
subscribe
caring
awards
fit
press
going
inspired
inspires
giving
inspiring
gives
beating
inspire
laughing
laugh
given
last
gone
playing
go
beats
play
give
went
jape
beat
goes
laughed
laughs
plays
match
control
played
master
fitting
thrilled
back
backing
fancy
joking
joke
backs
sharp
illusions
strong
seen
see
grace
certified
fears
suffered
embracing
bears
regarding
respect
embraced
respecting
embraces
treasure
respects
embrace
sporting
seeing
relieved
congratulated
born
eased
bear
graced
congratulate
keen
repair
values
value
saw
valued
sport
stood
agrees
flash
checking
prize
agreed
standing
check
agree
prizes
stand
stands
checked
cover
covers
covered
endure
supports
supported
support
supporting
holds
hold
held
holding
