Absorbing	=
Ace
Admirable
Adore
Agree
A1
Amazing
Appealing
Attraction
Bargain
Beaming
Beautiful
Best
Better
Bright
Brilliant
Charming
Chic
Clean
Colourful
Comfy
Compliment
Connoisseur
Dazzling
Debonair
Delicate
Delicious
Delightful
Deluxe
Dependable
Desire
Discerning
Dreamy
Ecstatic
Efficient
Enhance
Enticing
Essential
Excellent
Exceptional
Exciting
Exclusive
Exhilaration
Exotic
Exquisite
Extol
Eye-catching
Fantastic
Fashionable
Fascinating
Fab
Favourite
Fetching
Finest
Finesse
Flattering
Flourishing
Foolproof
Friendly
Fun
Genius
Glamorous
Glorious
Glowing
Golden
Goodness
Gorgeous
Graceful
Grand
Healthy
Heartwarming
Heavenly
Helpful
Ideal
Immaculate
Impressive
Incredible
Inspire
Interesting
Invigorating
Invincible
Inviting
Irresistible
Jewel
Joy
Keenest
Kind	category=adjective
Kissable
Legend
Leisure
Lovely
Lucky
Luscious
Luxurious
Magic
Matchless
Magnifies it
Maxi
Memorable
Mighty
Miracle
Modern
Mouthwatering
Nice
Nutritious
Opulent
Outlasts
Outrageous
Outstanding
Palatial
Paradise
Pamper
Passionate
Perfect
Pleasure
Pleases
Popular
Positive
Precious
Prefer
Prestige
Priceless
Quality
Quantity
Quick
Quiet
Radiant
Ravishing
Recommendation
Refined
Refreshing
Relax
Reliable
Renowned
Reputation
Rewarding
Satisfaction
Seductive
Select
Sensitive
Sensational
Serene
Sexy
Sizzling
Skilful
Slick
Smashing
Smiles
Smooth
Soft
Spectacular
Splendid
Spotless
Star
Strong
Stunning
Stylish
Success
Succulent
Superb
Superlative
Supersonic
Supreme
Tangy
Tasty
Tempting
Terrific
Thoroughbred
Thrilling
Thriving
Timeless
Tingle
Top
Treat
Treasure
Trendy
Ultimate
Ultra
Unbeatable
Unblemished
Unrivalled
Unsurpassed
Valued
Valuable
Versatile
Victor
Vivacious
Wealth
Winner
Wise
Wonderful
Worthy
Wow!
Mmmm
encourage
wow
hardworking
thank
yeaaah
