fail
heartbroken
crash
abysmal
adverse
alarming
apathy
appalling
banal
barbed
bemoan
boring
broken
callous
clumsy
coarse
cold
cold-hearted
collapse
confused
contrary
corrosive
corrupt
creepy
criminal
cry
cutting
decaying
damage
damaging
dastardly
deprived
deformed
deny
despicable
detrimental
disease
disheveled
dishonest
dishonorable
distress
eroding
faulty
feeble
fight
filthy
gawky
ghastly
grave
greed
grimace
gross
grotesque
gruesome
haggard
hard-hearted
harmful
hurt
hurtful
icky
ignore
ignorant
ill
immature
imperfect
impossible
inane
inelegant
infernal
injure
injurious
insane
insidious
insipid
lose 
lousy
lumpy
menacing
messy
misshapen
misunderstood
moan
mouldy
monstrous
naive
naughty
negate
negative
nobody
nondescript
nonsense
noxious
objectionable
odious
old
pain
perturb
pessimistic
petty
poisonous
prejudice
questionable
quirky
reject
renege
reptilian
revenge
rotten
rude
ruthless
savage
scream
shoddy
shocking
sinister
slimy
smelly
sobbing
sorry
sticky
stinky
stressful
stuck
substandard
suspect
suspicious
tense
trite
undermine
unfavorable
unhealthy
unjust
unpleasant
upset
unsatisfactory
unsightly
untoward
unwanted
unwelcome
unwholesome
unwieldy
unwise
upset
vice
villainous
wary
weary
withering
worthless
wound
yell
stab
avoid
rubbish
unforgivable
crisis
traitor
fishball
crazy
anti
