anus	category=noun	score=-0.5
arse	category=noun	score=-0.5
arsehole	category=noun	score=-0.5
ass	category=noun	score=-0.5
assbag	category=noun	score=-0.5
assbandit	category=noun	score=-0.5
assbite	category=noun	score=-0.5
assclown	category=noun	score=-0.5
asscock	category=noun	score=-0.5
asscracker	category=noun	score=-0.5
asses	category=noun	score=-0.5
assface	category=noun	score=-0.5
assfuck	category=noun	score=-0.5
assfucker	category=noun	score=-0.5
assgoblin	category=noun	score=-0.5
ass-hat	category=noun	score=-0.5
asshat	category=noun	score=-0.5
asshead	category=noun	score=-0.5
asshole	category=noun	score=-0.5
asshopper	category=noun	score=-0.5
ass-jabber	category=noun	score=-0.5
assjacker	category=noun	score=-0.5
asslick	category=noun	score=-0.5
asslicker	category=noun	score=-0.5
assmonkey	category=noun	score=-0.5
assmunch	category=noun	score=-0.5
assmuncher	category=noun	score=-0.5
assnigger	category=noun	score=-0.5
ass-pirate	category=noun	score=-0.5
asspirate	category=noun	score=-0.5
assshit	category=noun	score=-0.5
assshole	category=noun	score=-0.5
asssucker	category=noun	score=-0.5
asswad	category=noun	score=-0.5
asswipe	category=noun	score=-0.5
axwound	category=noun	score=-0.5
balls	category=noun	score=-0.5
ballsack	category=noun	score=-0.5
bampot	category=noun	score=-0.5
barmpot	category=noun	score=-0.5
bastard	category=noun	score=-0.5
beaner	category=noun	score=-0.5
berk	category=noun	score=-0.5
biatch	category=noun	score=-0.5
bint	category=noun	score=-0.5
bitch	category=noun	score=-0.5
bitchass	category=noun	score=-0.5
bitches	category=noun	score=-0.5
bitchtits	category=noun	score=-0.5
bitchy	category=noun	score=-0.5
blighter	category=noun	score=-0.5
bollocks	category=noun	score=-0.5
bollok	category=noun	score=-0.5
bollox	category=noun	score=-0.5
boner	category=noun	score=-0.5
boob	category=noun	score=-0.5
brotherfucker	category=noun	score=-0.5
bugger	category=noun	score=-0.5
bullshit	category=noun	score=-0.5
bum	category=noun	score=-0.5
bumblefuck	category=noun	score=-0.5
butt	category=noun	score=-0.5
buttfucka	category=noun	score=-0.5
buttfucker	category=noun	score=-0.5
butt-pirate	category=noun	score=-0.5
butt plug	category=noun	score=-0.5
carpetmuncher	category=noun	score=-0.5
charva	category=noun	score=-0.5
chav	category=noun	score=-0.5
chinc	category=noun	score=-0.5
chink	category=noun	score=-0.5
choad	category=noun	score=-0.5
chode	category=noun	score=-0.5
clit	category=noun	score=-0.5
clitface	category=noun	score=-0.5
clitfuck	category=noun	score=-0.5
clusterfuck	category=noun	score=-0.5
cobblers	category=noun	score=-0.5
cock	category=noun	score=-0.5
cockass	category=noun	score=-0.5
cockbite	category=noun	score=-0.5
cockburger	category=noun	score=-0.5
cockface	category=noun	score=-0.5
cockfucker	category=noun	score=-0.5
cockhead	category=noun	score=-0.5
cockjockey	category=noun	score=-0.5
cockknoker	category=noun	score=-0.5
cockmaster	category=noun	score=-0.5
cockmongler	category=noun	score=-0.5
cockmongruel	category=noun	score=-0.5
cockmonkey	category=noun	score=-0.5
cockmuncher	category=noun	score=-0.5
cocknose	category=noun	score=-0.5
cocknugget	category=noun	score=-0.5
cockshit	category=noun	score=-0.5
cocksmith	category=noun	score=-0.5
cocksmoke	category=noun	score=-0.5
cocksmoker	category=noun	score=-0.5
cocksniffer	category=noun	score=-0.5
cocksucker	category=noun	score=-0.5
cock-up	category=noun	score=-0.5
cockup	category=noun	score=-0.5
cockwaffle	category=noun	score=-0.5
codger	category=noun	score=-0.5
coochie	category=noun	score=-0.5
coochy	category=noun	score=-0.5
coon	category=noun	score=-0.5
cooter	category=noun	score=-0.5
crap	category=noun	score=-0.5
cumbubble	category=noun	score=-0.5
cumdumpster	category=noun	score=-0.5
cumguzzler	category=noun	score=-0.5
cumjockey	category=noun	score=-0.5
cumslut	category=noun	score=-0.5
cumtart	category=noun	score=-0.5
cunnie	category=noun	score=-0.5
cunnilingus	category=noun	score=-0.5
cunt	category=noun	score=-0.5
cuntass	category=noun	score=-0.5
cuntface	category=noun	score=-0.5
cunthole	category=noun	score=-0.5
cuntlicker	category=noun	score=-0.5
cuntrag	category=noun	score=-0.5
cuntslut	category=noun	score=-0.5
dago	category=noun	score=-0.5
damn	category=noun	score=-0.5
deggo	category=noun	score=-0.5
dick	category=noun	score=-0.5
dickbag	category=noun	score=-0.5
dickbeaters	category=noun	score=-0.5
dickface	category=noun	score=-0.5
dickfuck	category=noun	score=-0.5
dickfucker	category=noun	score=-0.5
dickhead	category=noun	score=-0.5
dickhole	category=noun	score=-0.5
dickmonger	category=noun	score=-0.5
dicks	category=noun	score=-0.5
dickslap	category=noun	score=-0.5
dick-sneeze	category=noun	score=-0.5
dicksucker	category=noun	score=-0.5
dicktickler	category=noun	score=-0.5
dickwad	category=noun	score=-0.5
dickweasel	category=noun	score=-0.5
dickweed	category=noun	score=-0.5
dickwod	category=noun	score=-0.5
dike	category=noun	score=-0.5
dildo	category=noun	score=-0.5
dipshit	category=noun	score=-0.5
divvy	category=noun	score=-0.5
doochbag	category=noun	score=-0.5
dookie	category=noun	score=-0.5
douche	category=noun	score=-0.5
douchebag	category=noun	score=-0.5
douche-fag	category=noun	score=-0.5
douchewaffle	category=noun	score=-0.5
duffer	category=noun	score=-0.5
dumass	category=noun	score=-0.5
dumb ass	category=noun	score=-0.5
dumbass	category=noun	score=-0.5
dumbfuck	category=noun	score=-0.5
dumbshit	category=noun	score=-0.5
dumshit	category=noun	score=-0.5
dyke	category=noun	score=-0.5
eejit	category=noun	score=-0.5
fag	category=noun	score=-0.5
fagbag	category=noun	score=-0.5
fagfucker	category=noun	score=-0.5
faggit	category=noun	score=-0.5
faggot	category=noun	score=-0.5
faggotcock	category=noun	score=-0.5
fagtard	category=noun	score=-0.5
fatass	category=noun	score=-0.5
flamer	category=noun	score=-0.5
f u c k	category=noun	score=-0.5
fuckass	category=noun	score=-0.5
fuckbag	category=noun	score=-0.5
fuckboy	category=noun	score=-0.5
fuckbrain	category=noun	score=-0.5
fuckbutt	category=noun	score=-0.5
fuckbutter	category=noun	score=-0.5
fucker	category=noun	score=-0.5
fuckersucker	category=noun	score=-0.5
fuckface	category=noun	score=-0.5
fuckhead	category=noun	score=-0.5
fuckhole	category=noun	score=-0.5
fucknut	category=noun	score=-0.5
fucknutt	category=noun	score=-0.5
fuckoff	category=noun	score=-0.5
fucks	category=noun	score=-0.5
fuckstick	category=noun	score=-0.5
fucktard	category=noun	score=-0.5
fucktart	category=noun	score=-0.5
fuckup	category=noun	score=-0.5
fuckwad	category=noun	score=-0.5
fuckwit	category=noun	score=-0.5
fuckwitt	category=noun	score=-0.5
fudgepacker	category=noun	score=-0.5
garbage	category=noun	score=-0.5
gay	category=noun	score=-0.5
gayass	category=noun	score=-0.5
gaybob	category=noun	score=-0.5
gaydo	category=noun	score=-0.5
gayfuck	category=noun	score=-0.5
gayfuckist	category=noun	score=-0.5
gaylord	category=noun	score=-0.5
gaytard	category=noun	score=-0.5
gaywad	category=noun	score=-0.5
git	category=noun	score=-0.5
goddamn	category=noun	score=-0.5
goddamnit	category=noun	score=-0.5
gooch	category=noun	score=-0.5
gook	category=noun	score=-0.5
gringo	category=noun	score=-0.5
guido	category=noun	score=-0.5
heeb	category=noun	score=-0.5
hell	category=noun	score=-0.5
ho	category=noun	score=-0.5
hoe	category=noun	score=-0.5
homo	category=noun	score=-0.5
homodumbshit	category=noun	score=-0.5
honkey	category=noun	score=-0.5
idiot	category=noun	score=-0.5
jackass	category=noun	score=-0.5
jagoff	category=noun	score=-0.5
jap	category=noun	score=-0.5
jerk	category=noun	score=-0.5
jerkass	category=noun	score=-0.5
jigaboo	category=noun	score=-0.5
jungle bunny	category=noun	score=-0.5
junglebunny	category=noun	score=-0.5
kike	category=noun	score=-0.5
kooch	category=noun	score=-0.5
kootch	category=noun	score=-0.5
kraut	category=noun	score=-0.5
kunt	category=noun	score=-0.5
kyke	category=noun	score=-0.5
lameass	category=noun	score=-0.5
lardass	category=noun	score=-0.5
lesbian	category=noun	score=-0.5
lesbo	category=noun	score=-0.5
lezzer	category=noun	score=-0.5
lezzie	category=noun	score=-0.5
mcfagget	category=noun	score=-0.5
minge	category=noun	score=-0.5
mothafucka	category=noun	score=-0.5
motherfucker	category=noun	score=-0.5
muff	category=noun	score=-0.5
muffdiver	category=noun	score=-0.5
munter	category=noun	score=-0.5
muppet	category=noun	score=-0.5
nancy	category=noun	score=-0.5
nigaboo	category=noun	score=-0.5
nigga	category=noun	score=-0.5
nigger	category=noun	score=-0.5
niggers	category=noun	score=-0.5
niglet	category=noun	score=-0.5
numpty	category=noun	score=-0.5
nut sack	category=noun	score=-0.5
nutsack	category=noun	score=-0.5
nutter	category=noun	score=-0.5
paki	category=noun	score=-0.5
panooch	category=noun	score=-0.5
pecker	category=noun	score=-0.5
peckerhead	category=noun	score=-0.5
penis	category=noun	score=-0.5
penisbanger	category=noun	score=-0.5
penisfucker	category=noun	score=-0.5
penispuffer	category=noun	score=-0.5
pikey	category=noun	score=-0.5
pillock	category=noun	score=-0.5
pish	category=noun	score=-0.5
piss	category=noun	score=-0.5
piss artist	category=noun	score=-0.5
piss-artist	category=noun	score=-0.5
pissflaps	category=noun	score=-0.5
plonker	category=noun	score=-0.5
polesmoker	category=noun	score=-0.5
pollock	category=noun	score=-0.5
poon	category=noun	score=-0.5
poonani	category=noun	score=-0.5
poonany	category=noun	score=-0.5
poontang	category=noun	score=-0.5
porch monkey	category=noun	score=-0.5
porchmonkey	category=noun	score=-0.5
prat	category=noun	score=-0.5
prick	category=noun	score=-0.5
punanny	category=noun	score=-0.5
punta	category=noun	score=-0.5
pussies	category=noun	score=-0.5
pussy	category=noun	score=-0.5
puto	category=noun	score=-0.5
queef	category=noun	score=-0.5
queer	category=noun	score=-0.5
queerbait	category=noun	score=-0.5
queerhole	category=noun	score=-0.5
renob	category=noun	score=-0.5
rimjob	category=noun	score=-0.5
ruski	category=noun	score=-0.5
sand nigger	category=noun	score=-0.5
sandnigger	category=noun	score=-0.5
schlong	category=noun	score=-0.5
scrote	category=noun	score=-0.5
scrubber	category=noun	score=-0.5
sh1t	category=noun	score=-0.5
shit	category=noun	score=-0.5
shitass	category=noun	score=-0.5
shitbag	category=noun	score=-0.5
shitbagger	category=noun	score=-0.5
shitbrains	category=noun	score=-0.5
shitbreath	category=noun	score=-0.5
shitcunt	category=noun	score=-0.5
shitdick	category=noun	score=-0.5
shite	category=noun	score=-0.5
shitface	category=noun	score=-0.5
shitfaced	category=noun	score=-0.5
shithead	category=noun	score=-0.5
shithole	category=noun	score=-0.5
shithouse	category=noun	score=-0.5
shitspitter	category=noun	score=-0.5
shitstain	category=noun	score=-0.5
shitter	category=noun	score=-0.5
shiz	category=noun	score=-0.5
shiznit	category=noun	score=-0.5
skank	category=noun	score=-0.5
skeet	category=noun	score=-0.5
skullfuck	category=noun	score=-0.5
slut	category=noun	score=-0.5
slutbag	category=noun	score=-0.5
smeg	category=noun	score=-0.5
smeghead	category=noun	score=-0.5
snatch	category=noun	score=-0.5
spic	category=noun	score=-0.5
spick	category=noun	score=-0.5
splooge	category=noun	score=-0.5
spook	category=noun	score=-0.5
suckass	category=noun	score=-0.5
tard	category=noun	score=-0.5
testicle	category=noun	score=-0.5
thundercunt	category=noun	score=-0.5
tit	category=noun	score=-0.5
tosser	category=noun	score=-0.5
trollop	category=noun	score=-0.5
turd	category=noun	score=-0.5
twat	category=noun	score=-0.5
twatlips	category=noun	score=-0.5
twats	category=noun	score=-0.5
twatwaffle	category=noun	score=-0.5
tyke	category=noun	score=-0.5
unclefucker	category=noun	score=-0.5
wally	category=noun	score=-0.5
wank	category=noun	score=-0.5
wankjob	category=noun	score=-0.5
wassack	category=noun	score=-0.5
wassock	category=noun	score=-0.5
wetback	category=noun	score=-0.5
whore	category=noun	score=-0.5
whorebag	category=noun	score=-0.5
whoreface	category=noun	score=-0.5
wop	category=noun	score=-0.5
fuck	category=noun	score=-0.5
fishbums	category=noun	score=-0.5
fishbum
