alrighty
all that and a bag of chips
ace
A-1
A step ahead
A racing start
Growing demand
On the right foot
Making an impression
Maximum protection
Get up and glow
Stands supreme
The ultimate
Star in its own right 	
An eye for bargains	
A shining example
Make the penny drop
Really cool
King of the
Brightens up
Adds distinction
No 1
Child's play
Sounds good
Take pride
Take some beating
Set the pace
Second to none
Save a packet
Rest easy
Pole position
Perfect combination
On my wavelength
Mint condition
Make dreams come true
Make my day
Knock spots off
5 star
Down to a fine art
Does the trick
intellectual god
feel sorry for
sorry for
respect for
vote for
stand up for
standing up for
a real honour
real honour
looking forward to
high spirits
super hero
super heroes
A+
#yehbuddy
#yeah
#yeahbuddy
amazeballs
amped
A-Ok
awsum
beat all to hell
bee's knees
bees knees
best thing since sliced bread
bodacious
da bomb
bonzer
brill
cool bananas
cool beans
coolio
crash hot
cushty
da shit
da shiznit
dog's bollocks
ear candy
eye-popping
fan-fucking-tastic
fantabulous
fav
fave
gangstar
gansta
gnarly
god's gift to
golden
gr8
hellacious
immense
it's all good
jolly good
kcoolsweet
kewl
key
kickass
kick ass
k-rad
legendary
legit
like a boss
like a champ
like the goose
like whoa
lush
lyte
neato
nectar
nifty
noice
okie dokie
on fire
on fleek
on hit
peachy
peachy keen
perf
phat
phatness
phenom
pimptacular
rad
radballs
radical
rad-o
rocking
rock-solid
rollin'
shiny
the shiz
shiznak
shiznik
shiznip
shiznot
shizot
shwanky
shway
slick
slinkster
smashing
smashingly
smooth
smoove
snizzo
spiffy
spiffylicious
stellar
sweet action
sweetchious
sweet nectar
sweet sauce
swell
swick
tasty
tender
thrill
tickety-boo
to die for
unreal
wahey
whizz-bang
wizard
wow
for the win
ftw
dogs bollocks
#fuckyeah
the biz
oh yeah
