bloody	category=adjective	score=-0.5
anal	category=adjective	score=-0.5
damn	category=adjective	score=-0.5
blasted	category=adjective	score=-0.5
fucked	category=adjective	score=-0.5
fucked up	category=adjective	score=-0.5
goddamn	category=adjective	score=-0.5
screwed	category=adjective	score=-0.5
fucking	category=adjective	score=-0.5
arsing	category=adjective	score=-0.5
get lost	category=adjective	score=-0.5
blooming	category=adjective	score=-0.5
dodgy	category=adjective	score=-0.5
dozy	category=adjective	score=-0.5
gormless	category=adjective	score=-0.5
grotty	category=adjective	score=-0.5
manky	category=adjective	score=-0.5
mingy	category=adjective	score=-0.5
naff	category=adjective	score=-0.5
po-faced	category=adjective	score=-0.5
poxy	category=adjective	score=-0.5
skanky	category=adjective	score=-0.5
dicksucking	category=adjective	score=-0.5
cocksucking	category=adjective	score=-0.5
fuckin	category=adjective	score=-0.5
gay	category=adjective	score=-0.5
humping	category=adjective	score=-0.5
mothafuckin	category=adjective	score=-0.5
mothafucking	category=adjective	score=-0.5
motherfucking	category=adjective	score=-0.5
munging	category=adjective	score=-0.5
minging	category=adjective	score=-0.5
pissed	category=adjective	score=-0.5
pissed off	category=adjective	score=-0.5
pussylicking	category=adjective	score=-0.5
shitcanned	category=adjective	score=-0.5
shittiest	category=adjective	score=-0.5
shitting	category=adjective	score=-0.5
shitty	category=adjective	score=-0.5
crappy	category=adjective	score=-0.5
