abhor
abhorrence
abominate
abomination
affronted
aggravate
aggravated
aggravation
aggression
aggressive
aggressiveness
amok
amuck
anger
angered
angrily
angry
animosity
animus
annoy
annoyance
annoyed
annoying
antagonise
antagonised
antagonism
avaricious
bad blood
bad temper
baffled
balked
bedevil
begrudge
begrudging
belligerence
belligerency
belligerent
belligerently
bitter
bitterness
blame
bother
bothersome
brood
chafe
choler
choleric
covet
covetous
covetously
covetousness
crucify
dander
despisal
despise
despising
despiteful
detest
detestation
devil
discouraged
disdain
displease
displeased
displeasing
displeasingly
displeasure
dork
dudgeon
dun
enfuriate
enmity
enraged
enragement
enviable
enviably
envious
enviously
enviousness
envy
envy
evil
exacerbate
exasperate
exasperated
exasperating
exasperation
execrate
execration
ferocious
fierce
frustrate
frustrated
frustrating
frustration
fuming
furious
furiously
fury
gall
galled
galling
get at
grabby
grasping
gravel
greedy
green-eyed
green-eyed monster
grievance
grizzle
grudge
grudge
grudging
hackles
harass
harassed
harassment
harried
hate
hate
hateful
hatefully
hatred
heartburning
high dudgeon
hostile
hostilely
hostility
huffily
huffiness
huffish
huffishness
huffy
ill temper
ill-tempered
ill will
incense
incensed
indignant
indignantly
indignation
inflamed
infuriate
infuriated
infuriating
infuriation
irascibility
irascible
irate
ire
irritable
irritate
irritated
irritating
irritation
jealous
jealously
jealousy
livid
lividity
lividly
loathe
loathing
mad
maddened
maddening
madness
malefic
maleficence
malevolence
malevolent
malevolently
malice
malicious
maliciously
maliciousness
malign
malignity
misanthropic
misanthropical
misanthropy
misocainea
misogamy
misogynic
misogynism
misogyny
misology
misoneism
misopedia
murderous
murderously
murderousness
nark
nettle
nettled
nettlesome
odious
odium
offend
offended
offense
oppress
outrage
outrage
outraged
overjealous
peeved
persecute
pesky
pestered
pestering
pestiferous
pique
pique
piqued
pissed
plaguey
plaguy
pout
prehensile
provoked
quick temper
rag
rage
raging
rancor
rancour
resentful
resentfully
resentment
revengefully
rile
riled
roiled
scene
score
scorn
see red
short temper
sore
spite
spiteful
spitefulness
spleen
splenetic
stew
storming
stung
sulk
sulkiness
sulky
sullen
tantalize
tantrum
teasing
temper
green-eyed monster
torment
torment
turbulent
umbrage
umbrageous
uptight
vengefully
vengefulness
venom
vex
vexation
vexatious
vexed
vexing
vindictive
vindictively
vindictiveness
warpath
with_hostility
wrath
wrathful
wrathfully
wroth
wrothful
:-||
