affright
afraid
aghast
alarm
alarm
alarmed
alert
anxious
anxiously
appal
appall
apprehension
apprehensive
apprehensively
apprehensiveness
atrocious
awful
awfully
bashfully
boding
browbeaten
bullied
chill
chill
chilling
cliff-hanging
coldheartedness
consternation
cowardly
cowed
cower
crawl
creep
creeps
cringe
cruel
cruelly
cruelty
dash
daunt
daunted
diffidence
diffident
diffidently
dire
direful
discouraged
disheartened
dismay
dismay
dismayed
disturbed
dread
dread
dread
dreaded
dreadful
dreadfully
faint-hearted
fawn
fear
fear
fearful
fearfully
fearfulness
fearsome
foreboding
fright
fright
frighten
frighten_away
frighten_off
frightened
frightening
frighteningly
frightful
frozen
grovel
hangdog
hardhearted
hardheartedness
heartless
heartlessly
heartlessness
hesitance
hesitancy
hesitantly
hesitatingly
hideous
hideously
horrendous
horrible
horribly
horrid
horridly
horrific
horrified
horrify
horrifying
horrifyingly
horror
horror-stricken
horror-struck
hysteria
hysterical
hysterically
intimidate
intimidated
intimidation
mercilessness
monstrously
nervous
outrageous
pall
pall
panic
panic
panic stricken
panic-stricken
panic struck
panic attack
panicked
panicky
perplexed
perturbed
petrified
pitilessness
premonition
presage
presentiment
rattled
ruthlessness
scare
scare
scare away
scare off
scared
scarey
scarily
scary
self-distrust
self-doubt
shivery
shocked
shuddery
shy
shyly
shyness
spooked
stage_fright
startled
stunned
suspense
suspenseful
suspensive
suspicious
terrible
terrified
terror
terror-stricken
timid
timidity
timidly
timidness
timorous
timorously
timorousness
trembling
trepid
trepidation
trepidly
ugly
unassertive
unassertively
unassertiveness
uneasily
unkind
unsure
upset
worried
worry
worrying
threatening
vicious
forced
force
